// Jest Snapshot v1, https://goo.gl/fbAQLP

exports[`client/lib/rundown RundownUtils.getResolvedSegment 1`] = `
Object {
  "autoNextPart": false,
  "currentLivePart": undefined,
  "currentNextPart": undefined,
  "followingPart": Object {
    "instance": PartInstance {
      "_id": "randomId9016_part1_0_tmp_instance",
      "isTemporary": true,
      "part": Part {
        "_id": "randomId9016_part1_0",
        "_rank": 0,
        "externalId": "MOCK_PART_1_0",
        "rundownId": "randomId9016",
        "segmentId": "randomId9016_segment1",
        "title": "Part 1 0",
        "typeVariant": "",
      },
      "rundownId": "randomId9016",
      "segmentId": "randomId9016_segment1",
      "takeCount": -1,
    },
    "partId": "randomId9016_part1_0",
    "pieces": Array [],
    "renderedDuration": 0,
    "startsAt": 0,
    "willProbablyAutoNext": false,
  },
  "hasAlreadyPlayed": false,
  "hasGuestItems": false,
  "hasRemoteItems": false,
  "isLiveSegment": false,
  "isNextSegment": false,
  "parts": Array [
    Object {
      "instance": PartInstance {
        "_id": "randomId9016_part0_0_tmp_instance",
        "isTemporary": true,
        "part": Part {
          "_id": "randomId9016_part0_0",
          "_rank": 0,
          "duration": 20,
          "externalId": "MOCK_PART_0_0",
          "rundownId": "randomId9016",
          "segmentId": "randomId9016_segment0",
          "title": "Part 0 0",
          "typeVariant": "",
        },
        "rundownId": "randomId9016",
        "segmentId": "randomId9016_segment0",
        "takeCount": -1,
      },
      "partId": "randomId9016_part0_0",
      "pieces": Array [
        Object {
          "instance": Object {
            "_id": "randomId9016_piece000_tmp_instance",
            "isTemporary": true,
            "partInstanceId": "randomId9016_part0_0_tmp_instance",
            "piece": Object {
              "_id": "randomId9016_piece000",
              "enable": Object {
                "start": 0,
              },
              "externalId": "MOCK_PIECE_000",
              "name": "Piece 000",
              "outputLayerId": "pgm",
              "partId": "randomId9016_part0_0",
              "rundownId": "randomId9016",
              "sourceLayerId": "cam0",
              "status": 0,
            },
            "rundownId": "randomId9016",
          },
          "maxLabelWidth": 0,
          "outputLayer": Object {
            "_id": "pgm",
            "_rank": 0,
            "isPGM": true,
            "name": "PGM",
            "sourceLayers": Array [
              Object {
                "_id": "cam0",
                "_rank": 0,
                "exclusiveGroup": "main",
                "followingItems": Array [],
                "name": "Camera",
                "pieces": Array [
                  [Circular],
                  Object {
                    "instance": Object {
                      "_id": "randomId9016_piece010_tmp_instance",
                      "isTemporary": true,
                      "partInstanceId": "randomId9016_part0_0_tmp_instance",
                      "piece": Object {
                        "_id": "randomId9016_piece010",
                        "enable": Object {
                          "start": 0,
                        },
                        "externalId": "MOCK_PIECE_010",
                        "name": "Piece 010",
                        "outputLayerId": "pgm",
                        "partId": "randomId9016_part0_0",
                        "rundownId": "randomId9016",
                        "sourceLayerId": "cam0",
                        "status": 0,
                      },
                      "rundownId": "randomId9016",
                    },
                    "outputLayer": [Circular],
                    "renderedDuration": null,
                    "renderedInPoint": 0,
                    "sourceLayer": [Circular],
                  },
                ],
                "type": 1,
              },
              Object {
                "_id": "vt0",
                "_rank": 1,
                "exclusiveGroup": "main",
                "followingItems": Array [],
                "name": "VT",
                "pieces": Array [
                  Object {
                    "instance": Object {
                      "_id": "randomId9016_piece001_tmp_instance",
                      "isTemporary": true,
                      "partInstanceId": "randomId9016_part0_0_tmp_instance",
                      "piece": Object {
                        "_id": "randomId9016_piece001",
                        "enable": Object {
                          "start": 0,
                        },
                        "externalId": "MOCK_PIECE_001",
                        "name": "Piece 001",
                        "outputLayerId": "pgm",
                        "partId": "randomId9016_part0_0",
                        "rundownId": "randomId9016",
                        "sourceLayerId": "vt0",
                        "status": 0,
                      },
                      "rundownId": "randomId9016",
                    },
                    "outputLayer": [Circular],
                    "renderedDuration": null,
                    "renderedInPoint": 0,
                    "sourceLayer": [Circular],
                  },
                ],
                "type": 2,
              },
            ],
            "used": true,
          },
          "renderedDuration": null,
          "renderedInPoint": 0,
          "sourceLayer": Object {
            "_id": "cam0",
            "_rank": 0,
            "exclusiveGroup": "main",
            "followingItems": Array [],
            "name": "Camera",
            "pieces": Array [
              [Circular],
              Object {
                "instance": Object {
                  "_id": "randomId9016_piece010_tmp_instance",
                  "isTemporary": true,
                  "partInstanceId": "randomId9016_part0_0_tmp_instance",
                  "piece": Object {
                    "_id": "randomId9016_piece010",
                    "enable": Object {
                      "start": 0,
                    },
                    "externalId": "MOCK_PIECE_010",
                    "name": "Piece 010",
                    "outputLayerId": "pgm",
                    "partId": "randomId9016_part0_0",
                    "rundownId": "randomId9016",
                    "sourceLayerId": "cam0",
                    "status": 0,
                  },
                  "rundownId": "randomId9016",
                },
                "outputLayer": Object {
                  "_id": "pgm",
                  "_rank": 0,
                  "isPGM": true,
                  "name": "PGM",
                  "sourceLayers": Array [
                    [Circular],
                    Object {
                      "_id": "vt0",
                      "_rank": 1,
                      "exclusiveGroup": "main",
                      "followingItems": Array [],
                      "name": "VT",
                      "pieces": Array [
                        Object {
                          "instance": Object {
                            "_id": "randomId9016_piece001_tmp_instance",
                            "isTemporary": true,
                            "partInstanceId": "randomId9016_part0_0_tmp_instance",
                            "piece": Object {
                              "_id": "randomId9016_piece001",
                              "enable": Object {
                                "start": 0,
                              },
                              "externalId": "MOCK_PIECE_001",
                              "name": "Piece 001",
                              "outputLayerId": "pgm",
                              "partId": "randomId9016_part0_0",
                              "rundownId": "randomId9016",
                              "sourceLayerId": "vt0",
                              "status": 0,
                            },
                            "rundownId": "randomId9016",
                          },
                          "outputLayer": [Circular],
                          "renderedDuration": null,
                          "renderedInPoint": 0,
                          "sourceLayer": [Circular],
                        },
                      ],
                      "type": 2,
                    },
                  ],
                  "used": true,
                },
                "renderedDuration": null,
                "renderedInPoint": 0,
                "sourceLayer": [Circular],
              },
            ],
            "type": 1,
          },
        },
        Object {
          "instance": Object {
            "_id": "randomId9016_piece001_tmp_instance",
            "isTemporary": true,
            "partInstanceId": "randomId9016_part0_0_tmp_instance",
            "piece": Object {
              "_id": "randomId9016_piece001",
              "enable": Object {
                "start": 0,
              },
              "externalId": "MOCK_PIECE_001",
              "name": "Piece 001",
              "outputLayerId": "pgm",
              "partId": "randomId9016_part0_0",
              "rundownId": "randomId9016",
              "sourceLayerId": "vt0",
              "status": 0,
            },
            "rundownId": "randomId9016",
          },
          "outputLayer": Object {
            "_id": "pgm",
            "_rank": 0,
            "isPGM": true,
            "name": "PGM",
            "sourceLayers": Array [
              Object {
                "_id": "cam0",
                "_rank": 0,
                "exclusiveGroup": "main",
                "followingItems": Array [],
                "name": "Camera",
                "pieces": Array [
                  Object {
                    "instance": Object {
                      "_id": "randomId9016_piece000_tmp_instance",
                      "isTemporary": true,
                      "partInstanceId": "randomId9016_part0_0_tmp_instance",
                      "piece": Object {
                        "_id": "randomId9016_piece000",
                        "enable": Object {
                          "start": 0,
                        },
                        "externalId": "MOCK_PIECE_000",
                        "name": "Piece 000",
                        "outputLayerId": "pgm",
                        "partId": "randomId9016_part0_0",
                        "rundownId": "randomId9016",
                        "sourceLayerId": "cam0",
                        "status": 0,
                      },
                      "rundownId": "randomId9016",
                    },
                    "maxLabelWidth": 0,
                    "outputLayer": [Circular],
                    "renderedDuration": null,
                    "renderedInPoint": 0,
                    "sourceLayer": [Circular],
                  },
                  Object {
                    "instance": Object {
                      "_id": "randomId9016_piece010_tmp_instance",
                      "isTemporary": true,
                      "partInstanceId": "randomId9016_part0_0_tmp_instance",
                      "piece": Object {
                        "_id": "randomId9016_piece010",
                        "enable": Object {
                          "start": 0,
                        },
                        "externalId": "MOCK_PIECE_010",
                        "name": "Piece 010",
                        "outputLayerId": "pgm",
                        "partId": "randomId9016_part0_0",
                        "rundownId": "randomId9016",
                        "sourceLayerId": "cam0",
                        "status": 0,
                      },
                      "rundownId": "randomId9016",
                    },
                    "outputLayer": [Circular],
                    "renderedDuration": null,
                    "renderedInPoint": 0,
                    "sourceLayer": [Circular],
                  },
                ],
                "type": 1,
              },
              Object {
                "_id": "vt0",
                "_rank": 1,
                "exclusiveGroup": "main",
                "followingItems": Array [],
                "name": "VT",
                "pieces": Array [
                  [Circular],
                ],
                "type": 2,
              },
            ],
            "used": true,
          },
          "renderedDuration": null,
          "renderedInPoint": 0,
          "sourceLayer": Object {
            "_id": "vt0",
            "_rank": 1,
            "exclusiveGroup": "main",
            "followingItems": Array [],
            "name": "VT",
            "pieces": Array [
              [Circular],
            ],
            "type": 2,
          },
        },
        Object {
          "instance": Object {
            "_id": "randomId9016_piece010_tmp_instance",
            "isTemporary": true,
            "partInstanceId": "randomId9016_part0_0_tmp_instance",
            "piece": Object {
              "_id": "randomId9016_piece010",
              "enable": Object {
                "start": 0,
              },
              "externalId": "MOCK_PIECE_010",
              "name": "Piece 010",
              "outputLayerId": "pgm",
              "partId": "randomId9016_part0_0",
              "rundownId": "randomId9016",
              "sourceLayerId": "cam0",
              "status": 0,
            },
            "rundownId": "randomId9016",
          },
          "outputLayer": Object {
            "_id": "pgm",
            "_rank": 0,
            "isPGM": true,
            "name": "PGM",
            "sourceLayers": Array [
              Object {
                "_id": "cam0",
                "_rank": 0,
                "exclusiveGroup": "main",
                "followingItems": Array [],
                "name": "Camera",
                "pieces": Array [
                  Object {
                    "instance": Object {
                      "_id": "randomId9016_piece000_tmp_instance",
                      "isTemporary": true,
                      "partInstanceId": "randomId9016_part0_0_tmp_instance",
                      "piece": Object {
                        "_id": "randomId9016_piece000",
                        "enable": Object {
                          "start": 0,
                        },
                        "externalId": "MOCK_PIECE_000",
                        "name": "Piece 000",
                        "outputLayerId": "pgm",
                        "partId": "randomId9016_part0_0",
                        "rundownId": "randomId9016",
                        "sourceLayerId": "cam0",
                        "status": 0,
                      },
                      "rundownId": "randomId9016",
                    },
                    "maxLabelWidth": 0,
                    "outputLayer": [Circular],
                    "renderedDuration": null,
                    "renderedInPoint": 0,
                    "sourceLayer": [Circular],
                  },
                  [Circular],
                ],
                "type": 1,
              },
              Object {
                "_id": "vt0",
                "_rank": 1,
                "exclusiveGroup": "main",
                "followingItems": Array [],
                "name": "VT",
                "pieces": Array [
                  Object {
                    "instance": Object {
                      "_id": "randomId9016_piece001_tmp_instance",
                      "isTemporary": true,
                      "partInstanceId": "randomId9016_part0_0_tmp_instance",
                      "piece": Object {
                        "_id": "randomId9016_piece001",
                        "enable": Object {
                          "start": 0,
                        },
                        "externalId": "MOCK_PIECE_001",
                        "name": "Piece 001",
                        "outputLayerId": "pgm",
                        "partId": "randomId9016_part0_0",
                        "rundownId": "randomId9016",
                        "sourceLayerId": "vt0",
                        "status": 0,
                      },
                      "rundownId": "randomId9016",
                    },
                    "outputLayer": [Circular],
                    "renderedDuration": null,
                    "renderedInPoint": 0,
                    "sourceLayer": [Circular],
                  },
                ],
                "type": 2,
              },
            ],
            "used": true,
          },
          "renderedDuration": null,
          "renderedInPoint": 0,
          "sourceLayer": Object {
            "_id": "cam0",
            "_rank": 0,
            "exclusiveGroup": "main",
            "followingItems": Array [],
            "name": "Camera",
            "pieces": Array [
              Object {
                "instance": Object {
                  "_id": "randomId9016_piece000_tmp_instance",
                  "isTemporary": true,
                  "partInstanceId": "randomId9016_part0_0_tmp_instance",
                  "piece": Object {
                    "_id": "randomId9016_piece000",
                    "enable": Object {
                      "start": 0,
                    },
                    "externalId": "MOCK_PIECE_000",
                    "name": "Piece 000",
                    "outputLayerId": "pgm",
                    "partId": "randomId9016_part0_0",
                    "rundownId": "randomId9016",
                    "sourceLayerId": "cam0",
                    "status": 0,
                  },
                  "rundownId": "randomId9016",
                },
                "maxLabelWidth": 0,
                "outputLayer": Object {
                  "_id": "pgm",
                  "_rank": 0,
                  "isPGM": true,
                  "name": "PGM",
                  "sourceLayers": Array [
                    [Circular],
                    Object {
                      "_id": "vt0",
                      "_rank": 1,
                      "exclusiveGroup": "main",
                      "followingItems": Array [],
                      "name": "VT",
                      "pieces": Array [
                        Object {
                          "instance": Object {
                            "_id": "randomId9016_piece001_tmp_instance",
                            "isTemporary": true,
                            "partInstanceId": "randomId9016_part0_0_tmp_instance",
                            "piece": Object {
                              "_id": "randomId9016_piece001",
                              "enable": Object {
                                "start": 0,
                              },
                              "externalId": "MOCK_PIECE_001",
                              "name": "Piece 001",
                              "outputLayerId": "pgm",
                              "partId": "randomId9016_part0_0",
                              "rundownId": "randomId9016",
                              "sourceLayerId": "vt0",
                              "status": 0,
                            },
                            "rundownId": "randomId9016",
                          },
                          "outputLayer": [Circular],
                          "renderedDuration": null,
                          "renderedInPoint": 0,
                          "sourceLayer": [Circular],
                        },
                      ],
                      "type": 2,
                    },
                  ],
                  "used": true,
                },
                "renderedDuration": null,
                "renderedInPoint": 0,
                "sourceLayer": [Circular],
              },
              [Circular],
            ],
            "type": 1,
          },
        },
      ],
      "renderedDuration": 3000,
      "startsAt": 0,
      "willProbablyAutoNext": false,
    },
    Object {
      "instance": PartInstance {
        "_id": "randomId9016_part0_1_tmp_instance",
        "isTemporary": true,
        "part": Part {
          "_id": "randomId9016_part0_1",
          "_rank": 1,
          "externalId": "MOCK_PART_0_1",
          "rundownId": "randomId9016",
          "segmentId": "randomId9016_segment0",
          "title": "Part 0 1",
          "typeVariant": "",
        },
        "rundownId": "randomId9016",
        "segmentId": "randomId9016_segment0",
        "takeCount": -1,
      },
      "partId": "randomId9016_part0_1",
      "pieces": Array [],
      "renderedDuration": 3000,
      "startsAt": 3000,
      "willProbablyAutoNext": false,
    },
  ],
  "segmentExtended": Object {
    "_id": "randomId9016_segment0",
    "_rank": 0,
    "externalId": "MOCK_SEGMENT_0",
    "name": "Segment 0",
    "outputLayers": Object {
      "pgm": Object {
        "_id": "pgm",
        "_rank": 0,
        "isPGM": true,
        "name": "PGM",
        "sourceLayers": Array [
          Object {
            "_id": "cam0",
            "_rank": 0,
            "exclusiveGroup": "main",
            "followingItems": Array [],
            "name": "Camera",
            "pieces": Array [
              Object {
                "instance": Object {
                  "_id": "randomId9016_piece000_tmp_instance",
                  "isTemporary": true,
                  "partInstanceId": "randomId9016_part0_0_tmp_instance",
                  "piece": Object {
                    "_id": "randomId9016_piece000",
                    "enable": Object {
                      "start": 0,
                    },
                    "externalId": "MOCK_PIECE_000",
                    "name": "Piece 000",
                    "outputLayerId": "pgm",
                    "partId": "randomId9016_part0_0",
                    "rundownId": "randomId9016",
                    "sourceLayerId": "cam0",
                    "status": 0,
                  },
                  "rundownId": "randomId9016",
                },
                "maxLabelWidth": 0,
                "outputLayer": [Circular],
                "renderedDuration": null,
                "renderedInPoint": 0,
                "sourceLayer": [Circular],
              },
              Object {
                "instance": Object {
                  "_id": "randomId9016_piece010_tmp_instance",
                  "isTemporary": true,
                  "partInstanceId": "randomId9016_part0_0_tmp_instance",
                  "piece": Object {
                    "_id": "randomId9016_piece010",
                    "enable": Object {
                      "start": 0,
                    },
                    "externalId": "MOCK_PIECE_010",
                    "name": "Piece 010",
                    "outputLayerId": "pgm",
                    "partId": "randomId9016_part0_0",
                    "rundownId": "randomId9016",
                    "sourceLayerId": "cam0",
                    "status": 0,
                  },
                  "rundownId": "randomId9016",
                },
                "outputLayer": [Circular],
                "renderedDuration": null,
                "renderedInPoint": 0,
                "sourceLayer": [Circular],
              },
            ],
            "type": 1,
          },
          Object {
            "_id": "vt0",
            "_rank": 1,
            "exclusiveGroup": "main",
            "followingItems": Array [],
            "name": "VT",
            "pieces": Array [
              Object {
                "instance": Object {
                  "_id": "randomId9016_piece001_tmp_instance",
                  "isTemporary": true,
                  "partInstanceId": "randomId9016_part0_0_tmp_instance",
                  "piece": Object {
                    "_id": "randomId9016_piece001",
                    "enable": Object {
                      "start": 0,
                    },
                    "externalId": "MOCK_PIECE_001",
                    "name": "Piece 001",
                    "outputLayerId": "pgm",
                    "partId": "randomId9016_part0_0",
                    "rundownId": "randomId9016",
                    "sourceLayerId": "vt0",
                    "status": 0,
                  },
                  "rundownId": "randomId9016",
                },
                "outputLayer": [Circular],
                "renderedDuration": null,
                "renderedInPoint": 0,
                "sourceLayer": [Circular],
              },
            ],
            "type": 2,
          },
        ],
        "used": true,
      },
    },
    "rundownId": "randomId9016",
    "sourceLayers": Object {
      "cam0": Object {
        "_id": "cam0",
        "_rank": 0,
        "exclusiveGroup": "main",
        "followingItems": Array [],
        "name": "Camera",
        "pieces": Array [],
        "type": 1,
      },
      "vt0": Object {
        "_id": "vt0",
        "_rank": 1,
        "exclusiveGroup": "main",
        "followingItems": Array [],
        "name": "VT",
        "pieces": Array [],
        "type": 2,
      },
    },
  },
}
`;
